---
source: crates/rolldown_testing/src/integration_test.rs
---
# Assets

## main.js

```js
var e=class{foo(){}bar(){}};export{e as default};
```
