---
source: crates/rolldown_testing/src/integration_test.rs
---
# Errors

## PARSE_ERROR

```text
[PARSE_ERROR] Error: 'with' statements are not allowed
     ╭─[ entry.js:144:1 ]
     │
 144 │ with (/*foo*/a);
     │ ──┬─  
     │   ╰─── 
─────╯

```
