---
source: crates/rolldown_testing/src/integration_test.rs
---
# Errors

## PARSE_ERROR

```text
[PARSE_ERROR] Error: Export 'bar' is not defined
   ╭─[ main.js:4:3 ]
   │
 4 │   bar
   │   ─┬─  
   │    ╰─── 
───╯

```
