---
source: crates/rolldown_testing/src/integration_test.rs
---
# Errors

## PARSE_ERROR

```text
[PARSE_ERROR] Error: Identifier `foo` has already been declared
   ╭─[ entry.ts:5:20 ]
   │
 5 │ declare const enum foo {}
   │                    ─┬─  
   │                     ╰─── `foo` has already been declared here
 6 │ let foo = bar()
   │     ─┬─  
   │      ╰─── It can not be redeclared here
───╯

```
