---
source: crates/rolldown_testing/src/integration_test.rs
---
# Assets

## entry.js

```js
//#region ../../../../../../node_modules/.pnpm/@oxc-project+runtime@0.82.1/node_modules/@oxc-project/runtime/src/helpers/esm/decorateParam.js
function __decorateParam(paramIndex, decorator) {
	return function(target, key) {
		decorator(target, key, paramIndex);
	};
}

//#endregion
//#region ../../../../../../node_modules/.pnpm/@oxc-project+runtime@0.82.1/node_modules/@oxc-project/runtime/src/helpers/esm/decorate.js
function __decorate(decorators, target, key, desc) {
	var c = arguments.length, r = c < 3 ? target : desc === null ? desc = Object.getOwnPropertyDescriptor(target, key) : desc, d;
	if (typeof Reflect === "object" && typeof Reflect.decorate === "function") r = Reflect.decorate(decorators, target, key, desc);
	else for (var i = decorators.length - 1; i >= 0; i--) if (d = decorators[i]) r = (c < 3 ? d(r) : c > 3 ? d(target, key, r) : d(target, key)) || r;
	return c > 3 && r && Object.defineProperty(target, key, r), r;
}

//#endregion
//#region entry.ts
let foo = 1;
var Foo = class {
	method1(foo$1 = 2) {}
	method2(foo$1 = 3) {}
};
__decorate([__decorateParam(0, dec(foo))], Foo.prototype, "method1", null);
__decorate([__decorateParam(0, dec(() => foo))], Foo.prototype, "method2", null);

//#endregion
```
