---
source: crates/rolldown_testing/src/integration_test.rs
---
# Assets

## entry.js

```js
//#region ../../../../../../node_modules/.pnpm/@oxc-project+runtime@0.82.1/node_modules/@oxc-project/runtime/src/helpers/esm/decorate.js
function __decorate(decorators, target, key, desc) {
	var c = arguments.length, r = c < 3 ? target : desc === null ? desc = Object.getOwnPropertyDescriptor(target, key) : desc, d;
	if (typeof Reflect === "object" && typeof Reflect.decorate === "function") r = Reflect.decorate(decorators, target, key, desc);
	else for (var i = decorators.length - 1; i >= 0; i--) if (d = decorators[i]) r = (c < 3 ? d(r) : c > 3 ? d(target, key, r) : d(target, key)) || r;
	return c > 3 && r && Object.defineProperty(target, key, r), r;
}

//#endregion
//#region entry.ts
var Foo = class {
	static prop1 = null;
	static prop2_ = null;
	static ["prop3"] = null;
	static ["prop4_"] = null;
	static ["prop5"] = null;
	static ["prop6_"] = null;
};
__decorate([dec(1)], Foo, "prop1", void 0);
__decorate([dec(2)], Foo, "prop2_", void 0);
__decorate([dec(3)], Foo, "prop3", void 0);
__decorate([dec(4)], Foo, "prop4_", void 0);
__decorate([dec(5)], Foo, "prop5", void 0);
__decorate([dec(6)], Foo, "prop6_", void 0);

//#endregion
```
